Archive member included to satisfy reference by file (symbol)

D:/Embedded/STM32CubeIDE_1.13.1/STM32CubeIDE/plugins/com.st.stm32cube.ide.mcu.externaltools.gnu-tools-for-stm32.11.3.rel1.win32_1.1.0.202305231506/tools/bin/../lib/gcc/arm-none-eabi/11.3.1/../../../../arm-none-eabi/lib/thumb/v7e-m+fp/hard\libc_nano.a(libc_a-exit.o)
                              D:/Embedded/STM32CubeIDE_1.13.1/STM32CubeIDE/plugins/com.st.stm32cube.ide.mcu.externaltools.gnu-tools-for-stm32.11.3.rel1.win32_1.1.0.202305231506/tools/bin/../lib/gcc/arm-none-eabi/11.3.1/../../../../arm-none-eabi/lib/thumb/v7e-m+fp/hard/crt0.o (exit)
D:/Embedded/STM32CubeIDE_1.13.1/STM32CubeIDE/plugins/com.st.stm32cube.ide.mcu.externaltools.gnu-tools-for-stm32.11.3.rel1.win32_1.1.0.202305231506/tools/bin/../lib/gcc/arm-none-eabi/11.3.1/../../../../arm-none-eabi/lib/thumb/v7e-m+fp/hard\libc_nano.a(libc_a-findfp.o)
                              D:/Embedded/STM32CubeIDE_1.13.1/STM32CubeIDE/plugins/com.st.stm32cube.ide.mcu.externaltools.gnu-tools-for-stm32.11.3.rel1.win32_1.1.0.202305231506/tools/bin/../lib/gcc/arm-none-eabi/11.3.1/../../../../arm-none-eabi/lib/thumb/v7e-m+fp/hard\libc_nano.a(libc_a-exit.o) (__stdio_exit_handler)
D:/Embedded/STM32CubeIDE_1.13.1/STM32CubeIDE/plugins/com.st.stm32cube.ide.mcu.externaltools.gnu-tools-for-stm32.11.3.rel1.win32_1.1.0.202305231506/tools/bin/../lib/gcc/arm-none-eabi/11.3.1/../../../../arm-none-eabi/lib/thumb/v7e-m+fp/hard\libc_nano.a(libc_a-fwalk.o)
                              D:/Embedded/STM32CubeIDE_1.13.1/STM32CubeIDE/plugins/com.st.stm32cube.ide.mcu.externaltools.gnu-tools-for-stm32.11.3.rel1.win32_1.1.0.202305231506/tools/bin/../lib/gcc/arm-none-eabi/11.3.1/../../../../arm-none-eabi/lib/thumb/v7e-m+fp/hard\libc_nano.a(libc_a-findfp.o) (_fwalk_sglue)
D:/Embedded/STM32CubeIDE_1.13.1/STM32CubeIDE/plugins/com.st.stm32cube.ide.mcu.externaltools.gnu-tools-for-stm32.11.3.rel1.win32_1.1.0.202305231506/tools/bin/../lib/gcc/arm-none-eabi/11.3.1/../../../../arm-none-eabi/lib/thumb/v7e-m+fp/hard\libc_nano.a(libc_a-stdio.o)
                              D:/Embedded/STM32CubeIDE_1.13.1/STM32CubeIDE/plugins/com.st.stm32cube.ide.mcu.externaltools.gnu-tools-for-stm32.11.3.rel1.win32_1.1.0.202305231506/tools/bin/../lib/gcc/arm-none-eabi/11.3.1/../../../../arm-none-eabi/lib/thumb/v7e-m+fp/hard\libc_nano.a(libc_a-findfp.o) (__sread)
D:/Embedded/STM32CubeIDE_1.13.1/STM32CubeIDE/plugins/com.st.stm32cube.ide.mcu.externaltools.gnu-tools-for-stm32.11.3.rel1.win32_1.1.0.202305231506/tools/bin/../lib/gcc/arm-none-eabi/11.3.1/../../../../arm-none-eabi/lib/thumb/v7e-m+fp/hard\libc_nano.a(libc_a-memset.o)
                              D:/Embedded/STM32CubeIDE_1.13.1/STM32CubeIDE/plugins/com.st.stm32cube.ide.mcu.externaltools.gnu-tools-for-stm32.11.3.rel1.win32_1.1.0.202305231506/tools/bin/../lib/gcc/arm-none-eabi/11.3.1/../../../../arm-none-eabi/lib/thumb/v7e-m+fp/hard/crt0.o (memset)
D:/Embedded/STM32CubeIDE_1.13.1/STM32CubeIDE/plugins/com.st.stm32cube.ide.mcu.externaltools.gnu-tools-for-stm32.11.3.rel1.win32_1.1.0.202305231506/tools/bin/../lib/gcc/arm-none-eabi/11.3.1/../../../../arm-none-eabi/lib/thumb/v7e-m+fp/hard\libc_nano.a(libc_a-closer.o)
                              D:/Embedded/STM32CubeIDE_1.13.1/STM32CubeIDE/plugins/com.st.stm32cube.ide.mcu.externaltools.gnu-tools-for-stm32.11.3.rel1.win32_1.1.0.202305231506/tools/bin/../lib/gcc/arm-none-eabi/11.3.1/../../../../arm-none-eabi/lib/thumb/v7e-m+fp/hard\libc_nano.a(libc_a-stdio.o) (_close_r)
D:/Embedded/STM32CubeIDE_1.13.1/STM32CubeIDE/plugins/com.st.stm32cube.ide.mcu.externaltools.gnu-tools-for-stm32.11.3.rel1.win32_1.1.0.202305231506/tools/bin/../lib/gcc/arm-none-eabi/11.3.1/../../../../arm-none-eabi/lib/thumb/v7e-m+fp/hard\libc_nano.a(libc_a-reent.o)
                              D:/Embedded/STM32CubeIDE_1.13.1/STM32CubeIDE/plugins/com.st.stm32cube.ide.mcu.externaltools.gnu-tools-for-stm32.11.3.rel1.win32_1.1.0.202305231506/tools/bin/../lib/gcc/arm-none-eabi/11.3.1/../../../../arm-none-eabi/lib/thumb/v7e-m+fp/hard\libc_nano.a(libc_a-closer.o) (errno)
D:/Embedded/STM32CubeIDE_1.13.1/STM32CubeIDE/plugins/com.st.stm32cube.ide.mcu.externaltools.gnu-tools-for-stm32.11.3.rel1.win32_1.1.0.202305231506/tools/bin/../lib/gcc/arm-none-eabi/11.3.1/../../../../arm-none-eabi/lib/thumb/v7e-m+fp/hard\libc_nano.a(libc_a-impure.o)
                              D:/Embedded/STM32CubeIDE_1.13.1/STM32CubeIDE/plugins/com.st.stm32cube.ide.mcu.externaltools.gnu-tools-for-stm32.11.3.rel1.win32_1.1.0.202305231506/tools/bin/../lib/gcc/arm-none-eabi/11.3.1/../../../../arm-none-eabi/lib/thumb/v7e-m+fp/hard\libc_nano.a(libc_a-reent.o) (_impure_ptr)
D:/Embedded/STM32CubeIDE_1.13.1/STM32CubeIDE/plugins/com.st.stm32cube.ide.mcu.externaltools.gnu-tools-for-stm32.11.3.rel1.win32_1.1.0.202305231506/tools/bin/../lib/gcc/arm-none-eabi/11.3.1/../../../../arm-none-eabi/lib/thumb/v7e-m+fp/hard\libc_nano.a(libc_a-lseekr.o)
[...]
Memory Configuration

Name             Origin             Length             Attributes
RAM              0x0000000020000000 0x0000000000010000 xrw
FLASH            0x0000000008000000 0x0000000000040000 xr
*default*        0x0000000000000000 0xffffffffffffffff

Linker script and memory map

LOAD D:/Embedded/STM32CubeIDE_1.13.1/STM32CubeIDE/plugins/com.st.stm32cube.ide.mcu.externaltools.gnu-tools-for-stm32.11.3.rel1.win32_1.1.0.202305231506/tools/bin/../lib/gcc/arm-none-eabi/11.3.1/thumb/v7e-m+fp/hard/crti.o
LOAD D:/Embedded/STM32CubeIDE_1.13.1/STM32CubeIDE/plugins/com.st.stm32cube.ide.mcu.externaltools.gnu-tools-for-stm32.11.3.rel1.win32_1.1.0.202305231506/tools/bin/../lib/gcc/arm-none-eabi/11.3.1/thumb/v7e-m+fp/hard/crtbegin.o
LOAD D:/Embedded/STM32CubeIDE_1.13.1/STM32CubeIDE/plugins/com.st.stm32cube.ide.mcu.externaltools.gnu-tools-for-stm32.11.3.rel1.win32_1.1.0.202305231506/tools/bin/../lib/gcc/arm-none-eabi/11.3.1/../../../../arm-none-eabi/lib/thumb/v7e-m+fp/hard/crt0.o
LOAD ./Src/DET.o
LOAD ./Src/GPIO_lcfg.o
LOAD ./Src/GPIO_program.o
LOAD ./Src/RCC_program.o
LOAD ./Src/SPI_program.o
LOAD ./Src/SYSTICK_program.o
LOAD ./Src/TFT_program.o
LOAD ./Src/main.o
LOAD ./Src/syscalls.o
LOAD ./Src/sysmem.o
LOAD ./Startup/startup_stm32f401rctx.o
START GROUP
LOAD D:/Embedded/STM32CubeIDE_1.13.1/STM32CubeIDE/plugins/com.st.stm32cube.ide.mcu.externaltools.gnu-tools-for-stm32.11.3.rel1.win32_1.1.0.202305231506/tools/bin/../lib/gcc/arm-none-eabi/11.3.1/../../../../arm-none-eabi/lib/thumb/v7e-m+fp/hard\libc_nano.a
LOAD D:/Embedded/STM32CubeIDE_1.13.1/STM32CubeIDE/plugins/com.st.stm32cube.ide.mcu.externaltools.gnu-tools-for-stm32.11.3.rel1.win32_1.1.0.202305231506/tools/bin/../lib/gcc/arm-none-eabi/11.3.1/../../../../arm-none-eabi/lib/thumb/v7e-m+fp/hard\libm.a
END GROUP
START GROUP
LOAD D:/Embedded/STM32CubeIDE_1.13.1/STM32CubeIDE/plugins/com.st.stm32cube.ide.mcu.externaltools.gnu-tools-for-stm32.11.3.rel1.win32_1.1.0.202305231506/tools/bin/../lib/gcc/arm-none-eabi/11.3.1/thumb/v7e-m+fp/hard\libgcc.a
LOAD D:/Embedded/STM32CubeIDE_1.13.1/STM32CubeIDE/plugins/com.st.stm32cube.ide.mcu.externaltools.gnu-tools-for-stm32.11.3.rel1.win32_1.1.0.202305231506/tools/bin/../lib/gcc/arm-none-eabi/11.3.1/../../../../arm-none-eabi/lib/thumb/v7e-m+fp/hard\libc_nano.a
END GROUP
START GROUP
LOAD D:/Embedded/STM32CubeIDE_1.13.1/STM32CubeIDE/plugins/com.st.stm32cube.ide.mcu.externaltools.gnu-tools-for-stm32.11.3.rel1.win32_1.1.0.202305231506/tools/bin/../lib/gcc/arm-none-eabi/11.3.1/thumb/v7e-m+fp/hard\libgcc.a
LOAD D:/Embedded/STM32CubeIDE_1.13.1/STM32CubeIDE/plugins/com.st.stm32cube.ide.mcu.externaltools.gnu-tools-for-stm32.11.3.rel1.win32_1.1.0.202305231506/tools/bin/../lib/gcc/arm-none-eabi/11.3.1/../../../../arm-none-eabi/lib/thumb/v7e-m+fp/hard\libc_nano.a
LOAD D:/Embedded/STM32CubeIDE_1.13.1/STM32CubeIDE/plugins/com.st.stm32cube.ide.mcu.externaltools.gnu-tools-for-stm32.11.3.rel1.win32_1.1.0.202305231506/tools/bin/../lib/gcc/arm-none-eabi/11.3.1/../../../../arm-none-eabi/lib/thumb/v7e-m+fp/hard\libnosys.a
END GROUP
START GROUP
LOAD D:/Embedded/STM32CubeIDE_1.13.1/STM32CubeIDE/plugins/com.st.stm32cube.ide.mcu.externaltools.gnu-tools-for-stm32.11.3.rel1.win32_1.1.0.202305231506/tools/bin/../lib/gcc/arm-none-eabi/11.3.1/thumb/v7e-m+fp/hard\libgcc.a
LOAD D:/Embedded/STM32CubeIDE_1.13.1/STM32CubeIDE/plugins/com.st.stm32cube.ide.mcu.externaltools.gnu-tools-for-stm32.11.3.rel1.win32_1.1.0.202305231506/tools/bin/../lib/gcc/arm-none-eabi/11.3.1/../../../../arm-none-eabi/lib/thumb/v7e-m+fp/hard\libc_nano.a
LOAD D:/Embedded/STM32CubeIDE_1.13.1/STM32CubeIDE/plugins/com.st.stm32cube.ide.mcu.externaltools.gnu-tools-for-stm32.11.3.rel1.win32_1.1.0.202305231506/tools/bin/../lib/gcc/arm-none-eabi/11.3.1/../../../../arm-none-eabi/lib/thumb/v7e-m+fp/hard\libnosys.a
END GROUP
LOAD D:/Embedded/STM32CubeIDE_1.13.1/STM32CubeIDE/plugins/com.st.stm32cube.ide.mcu.externaltools.gnu-tools-for-stm32.11.3.rel1.win32_1.1.0.202305231506/tools/bin/../lib/gcc/arm-none-eabi/11.3.1/thumb/v7e-m+fp/hard/crtend.o
LOAD D:/Embedded/STM32CubeIDE_1.13.1/STM32CubeIDE/plugins/com.st.stm32cube.ide.mcu.externaltools.gnu-tools-for-stm32.11.3.rel1.win32_1.1.0.202305231506/tools/bin/../lib/gcc/arm-none-eabi/11.3.1/thumb/v7e-m+fp/hard/crtn.o
                0x0000000020010000                _estack = (ORIGIN (RAM) + LENGTH (RAM))
                0x0000000000000200                _Min_Heap_Size = 0x200
                0x0000000000000400                _Min_Stack_Size = 0x400

.isr_vector     0x0000000008000000      0x194
                0x0000000008000000                . = ALIGN (0x4)
 *(.isr_vector)
 .isr_vector    0x0000000008000000      0x194 ./Startup/startup_stm32f401rctx.o
                0x0000000008000000                g_pfnVectors
                0x0000000008000194                . = ALIGN (0x4)

.text           0x0000000008000194      0xd74
                0x0000000008000194                . = ALIGN (0x4)
 *(.text)
 .text          0x0000000008000194       0x40 D:/Embedded/STM32CubeIDE_1.13.1/STM32CubeIDE/plugins/com.st.stm32cube.ide.mcu.externaltools.gnu-tools-for-stm32.11.3.rel1.win32_1.1.0.202305231506/tools/bin/../lib/gcc/arm-none-eabi/11.3.1/thumb/v7e-m+fp/hard/crtbegin.o
 *(.text*)
 .text.Det_ReportError
                0x00000000080001d4       0x14 ./Src/DET.o
                0x00000000080001d4                Det_ReportError
 .text.GPIO_Init
                0x00000000080001e8      0x640 ./Src/GPIO_program.o
                0x00000000080001e8                GPIO_Init
 .text.GPIO_udtSetPinValue
                0x0000000008000828      0x138 ./Src/GPIO_program.o
                0x0000000008000828                GPIO_udtSetPinValue
 .text.RCC_udtInitSystemClock
                0x0000000008000960       0x24 ./Src/RCC_program.o
                0x0000000008000960                RCC_udtInitSystemClock
 .text.RCC_udtEnablePeripheralClock
                0x0000000008000984       0x90 ./Src/RCC_program.o
                0x0000000008000984                RCC_udtEnablePeripheralClock
 .text.SPI_vidInit
                0x0000000008000a14       0x1c ./Src/SPI_program.o
                0x0000000008000a14                SPI_vidInit
 .text.SPI_udtTransceive
                0x0000000008000a30       0x6c ./Src/SPI_program.o
                0x0000000008000a30                SPI_udtTransceive
 .text.SYSTICK_udtSynchMsecondsDelay
                0x0000000008000a9c       0x80 ./Src/SYSTICK_program.o
                0x0000000008000a9c                SYSTICK_udtSynchMsecondsDelay
 .text.SYSTICK_udtSynchUsecondsDelay
                0x0000000008000b1c       0x80 ./Src/SYSTICK_program.o
                0x0000000008000b1c                SYSTICK_udtSynchUsecondsDelay
 .text.SYSTICK_vidInit
                0x0000000008000b9c       0x28 ./Src/SYSTICK_program.o
                0x0000000008000b9c                SYSTICK_vidInit
 .text.SysTick_Handler
                0x0000000008000bc4       0x60 ./Src/SYSTICK_program.o
                0x0000000008000bc4                SysTick_Handler
 .text.TFT_vidInit
                0x0000000008000c24       0xb4 ./Src/TFT_program.o
                0x0000000008000c24                TFT_vidInit
 .text.TFT_udtDisplayImage
                0x0000000008000cd8      0x132 ./Src/TFT_program.o
                0x0000000008000cd8                TFT_udtDisplayImage
 *fill*         0x0000000008000e0a        0x2 
 .text.main     0x0000000008000e0c       0x48 ./Src/main.o
                0x0000000008000e0c                main
 .text.Reset_Handler
                0x0000000008000e54       0x50 ./Startup/startup_stm32f401rctx.o
                0x0000000008000e54                Reset_Handler
 .text.Default_Handler
                0x0000000008000ea4        0x2 ./Startup/startup_stm32f401rctx.o
                0x0000000008000ea4                EXTI2_IRQHandler
                0x0000000008000ea4                DebugMon_Handler
                0x0000000008000ea4                SPI4_IRQHandler
                0x0000000008000ea4                TIM1_CC_IRQHandler
                0x0000000008000ea4                DMA2_Stream5_IRQHandler
                0x0000000008000ea4                HardFault_Handler
                0x0000000008000ea4                DMA1_Stream5_IRQHandler
                0x0000000008000ea4                SDIO_IRQHandler
                0x0000000008000ea4                TAMP_STAMP_IRQHandler
                0x0000000008000ea4                PendSV_Handler
                0x0000000008000ea4                NMI_Handler
                0x0000000008000ea4                EXTI3_IRQHandler
                0x0000000008000ea4                TIM1_UP_TIM10_IRQHandler
                0x0000000008000ea4                I2C3_ER_IRQHandler
                0x0000000008000ea4                EXTI18_OTG_FS_WKUP_IRQHandler
                0x0000000008000ea4                EXTI0_IRQHandler
                0x0000000008000ea4                I2C2_EV_IRQHandler
                0x0000000008000ea4                DMA1_Stream2_IRQHandler
                0x0000000008000ea4                UsageFault_Handler
                0x0000000008000ea4                DMA2_Stream2_IRQHandler
                0x0000000008000ea4                SPI1_IRQHandler
                0x0000000008000ea4                TIM1_BRK_TIM9_IRQHandler
                0x0000000008000ea4                DMA2_Stream3_IRQHandler
                0x0000000008000ea4                USART6_IRQHandler
                0x0000000008000ea4                DMA2_Stream0_IRQHandler
                0x0000000008000ea4                TIM4_IRQHandler
                0x0000000008000ea4                I2C1_EV_IRQHandler
                0x0000000008000ea4                DMA1_Stream6_IRQHandler
                0x0000000008000ea4                DMA1_Stream1_IRQHandler
                0x0000000008000ea4                TIM3_IRQHandler
                0x0000000008000ea4                RCC_IRQHandler
                0x0000000008000ea4                Default_Handler
                0x0000000008000ea4                EXTI15_10_IRQHandler
                0x0000000008000ea4                ADC_IRQHandler
                0x0000000008000ea4                DMA1_Stream7_IRQHandler
                0x0000000008000ea4                TIM5_IRQHandler
                0x0000000008000ea4                DMA2_Stream7_IRQHandler
                0x0000000008000ea4                I2C3_EV_IRQHandler
                0x0000000008000ea4                EXTI9_5_IRQHandler
                0x0000000008000ea4                SPI2_IRQHandler
                0x0000000008000ea4                MemManage_Handler
                0x0000000008000ea4                DMA1_Stream0_IRQHandler
                0x0000000008000ea4                SVC_Handler
                0x0000000008000ea4                EXTI4_IRQHandler
                0x0000000008000ea4                EXTI22_RTC_WKUP_IRQHandler
                0x0000000008000ea4                TIM2_IRQHandler
                0x0000000008000ea4                EXTI16_PVD_IRQHandler
                0x0000000008000ea4                TIM1_TRG_COM_TIM11_IRQHandler
                0x0000000008000ea4                EXTI1_IRQHandler
                0x0000000008000ea4                EXTI17_RTC_Alarm_IRQHandler
                0x0000000008000ea4                USART2_IRQHandler
                0x0000000008000ea4                I2C2_ER_IRQHandler
                0x0000000008000ea4                DMA2_Stream1_IRQHandler
                0x0000000008000ea4                FLASH_IRQHandler
                0x0000000008000ea4                DMA2_Stream4_IRQHandler
                0x0000000008000ea4                BusFault_Handler
                0x0000000008000ea4                USART1_IRQHandler
                0x0000000008000ea4                OTG_FS_IRQHandler
                0x0000000008000ea4                SPI3_IRQHandler
                0x0000000008000ea4                DMA1_Stream4_IRQHandler
                0x0000000008000ea4                I2C1_ER_IRQHandler
                0x0000000008000ea4                DMA2_Stream6_IRQHandler
                0x0000000008000ea4                DMA1_Stream3_IRQHandler
 *fill*         0x0000000008000ea6        0x2 
 .text.__libc_init_array
                0x0000000008000ea8       0x48 D:/Embedded/STM32CubeIDE_1.13.1/STM32CubeIDE/plugins/com.st.stm32cube.ide.mcu.externaltools.gnu-tools-for-stm32.11.3.rel1.win32_1.1.0.202305231506/tools/bin/../lib/gcc/arm-none-eabi/11.3.1/../../../../arm-none-eabi/lib/thumb/v7e-m+fp/hard\libc_nano.a(libc_a-init.o)
                0x0000000008000ea8                __libc_init_array
 *(.glue_7)
 .glue_7        0x0000000008000ef0        0x0 linker stubs
 *(.glue_7t)
 .glue_7t       0x0000000008000ef0        0x0 linker stubs
 *(.eh_frame)
 .eh_frame      0x0000000008000ef0        0x0 D:/Embedded/STM32CubeIDE_1.13.1/STM32CubeIDE/plugins/com.st.stm32cube.ide.mcu.externaltools.gnu-tools-for-stm32.11.3.rel1.win32_1.1.0.202305231506/tools/bin/../lib/gcc/arm-none-eabi/11.3.1/thumb/v7e-m+fp/hard/crtbegin.o
 *(.init)
 .init          0x0000000008000ef0        0x4 D:/Embedded/STM32CubeIDE_1.13.1/STM32CubeIDE/plugins/com.st.stm32cube.ide.mcu.externaltools.gnu-tools-for-stm32.11.3.rel1.win32_1.1.0.202305231506/tools/bin/../lib/gcc/arm-none-eabi/11.3.1/thumb/v7e-m+fp/hard/crti.o
                0x0000000008000ef0                _init
 .init          0x0000000008000ef4        0x8 D:/Embedded/STM32CubeIDE_1.13.1/STM32CubeIDE/plugins/com.st.stm32cube.ide.mcu.externaltools.gnu-tools-for-stm32.11.3.rel1.win32_1.1.0.202305231506/tools/bin/../lib/gcc/arm-none-eabi/11.3.1/thumb/v7e-m+fp/hard/crtn.o
 *(.fini)
 .fini          0x0000000008000efc        0x4 D:/Embedded/STM32CubeIDE_1.13.1/STM32CubeIDE/plugins/com.st.stm32cube.ide.mcu.externaltools.gnu-tools-for-stm32.11.3.rel1.win32_1.1.0.202305231506/tools/bin/../lib/gcc/arm-none-eabi/11.3.1/thumb/v7e-m+fp/hard/crti.o
                0x0000000008000efc                _fini
 .fini          0x0000000008000f00        0x8 D:/Embedded/STM32CubeIDE_1.13.1/STM32CubeIDE/plugins/com.st.stm32cube.ide.mcu.externaltools.gnu-tools-for-stm32.11.3.rel1.win32_1.1.0.202305231506/tools/bin/../lib/gcc/arm-none-eabi/11.3.1/thumb/v7e-m+fp/hard/crtn.o
                0x0000000008000f08                . = ALIGN (0x4)
                0x0000000008000f08                _etext = .

.vfp11_veneer   0x0000000008000f08        0x0
 .vfp11_veneer  0x0000000008000f08        0x0 linker stubs

.v4_bx          0x0000000008000f08        0x0
 .v4_bx         0x0000000008000f08        0x0 linker stubs

.iplt           0x0000000008000f08        0x0
 .iplt          0x0000000008000f08        0x0 D:/Embedded/STM32CubeIDE_1.13.1/STM32CubeIDE/plugins/com.st.stm32cube.ide.mcu.externaltools.gnu-tools-for-stm32.11.3.rel1.win32_1.1.0.202305231506/tools/bin/../lib/gcc/arm-none-eabi/11.3.1/thumb/v7e-m+fp/hard/crtbegin.o

.rodata         0x0000000008000f08     0xa000
                0x0000000008000f08                . = ALIGN (0x4)
 *(.rodata)
 *(.rodata*)
 .rodata.TFT_u16Image
                0x0000000008000f08     0xa000 ./Src/main.o
                0x0000000008000f08                TFT_u16Image
                0x000000000800af08                . = ALIGN (0x4)

.rel.dyn        0x000000000800af08        0x0
 .rel.iplt      0x000000000800af08        0x0 D:/Embedded/STM32CubeIDE_1.13.1/STM32CubeIDE/plugins/com.st.stm32cube.ide.mcu.externaltools.gnu-tools-for-stm32.11.3.rel1.win32_1.1.0.202305231506/tools/bin/../lib/gcc/arm-none-eabi/11.3.1/thumb/v7e-m+fp/hard/crtbegin.o

.ARM.extab      0x000000000800af08        0x0
                0x000000000800af08                . = ALIGN (0x4)
 *(.ARM.extab* .gnu.linkonce.armextab.*)
                0x000000000800af08                . = ALIGN (0x4)

.ARM            0x000000000800af08        0x0
                0x000000000800af08                . = ALIGN (0x4)
                0x000000000800af08                __exidx_start = .
 *(.ARM.exidx*)
                0x000000000800af08                __exidx_end = .
                0x000000000800af08                . = ALIGN (0x4)

.preinit_array  0x000000000800af08        0x0
                0x000000000800af08                . = ALIGN (0x4)
                0x000000000800af08                PROVIDE (__preinit_array_start = .)
 *(.preinit_array*)
                0x000000000800af08                PROVIDE (__preinit_array_end = .)
                0x000000000800af08                . = ALIGN (0x4)

.init_array     0x000000000800af08        0x4
                0x000000000800af08                . = ALIGN (0x4)
                0x000000000800af08                PROVIDE (__init_array_start = .)
 *(SORT_BY_NAME(.init_array.*))
 *(.init_array*)
 .init_array    0x000000000800af08        0x4 D:/Embedded/STM32CubeIDE_1.13.1/STM32CubeIDE/plugins/com.st.stm32cube.ide.mcu.externaltools.gnu-tools-for-stm32.11.3.rel1.win32_1.1.0.202305231506/tools/bin/../lib/gcc/arm-none-eabi/11.3.1/thumb/v7e-m+fp/hard/crtbegin.o
                0x000000000800af0c                PROVIDE (__init_array_end = .)
                0x000000000800af0c                . = ALIGN (0x4)

.fini_array     0x000000000800af0c        0x4
                0x000000000800af0c                . = ALIGN (0x4)
                [!provide]                        PROVIDE (__fini_array_start = .)
 *(SORT_BY_NAME(.fini_array.*))
 *(.fini_array*)
 .fini_array    0x000000000800af0c        0x4 D:/Embedded/STM32CubeIDE_1.13.1/STM32CubeIDE/plugins/com.st.stm32cube.ide.mcu.externaltools.gnu-tools-for-stm32.11.3.rel1.win32_1.1.0.202305231506/tools/bin/../lib/gcc/arm-none-eabi/11.3.1/thumb/v7e-m+fp/hard/crtbegin.o
                [!provide]                        PROVIDE (__fini_array_end = .)
                0x000000000800af10                . = ALIGN (0x4)
                0x000000000800af10                _sidata = LOADADDR (.data)

.data           0x0000000020000000       0x2c load address 0x000000000800af10
                0x0000000020000000                . = ALIGN (0x4)
                0x0000000020000000                _sdata = .
 *(.data)
 *(.data*)
 .data.GPIO_udtArrayOfPins
                0x0000000020000000       0x1c ./Src/GPIO_lcfg.o
                0x0000000020000000                GPIO_udtArrayOfPins
 .data.GPIOx    0x000000002000001c        0xc ./Src/GPIO_program.o
 .data.SYSTICK_u8IsInitialized
                0x0000000020000028        0x1 ./Src/SYSTICK_program.o
                0x0000000020000028                SYSTICK_u8IsInitialized
 *fill*         0x0000000020000029        0x1 
 .data.u16Counter.0
                0x000000002000002a        0x2 ./Src/SYSTICK_program.o
 *(.RamFunc)
 *(.RamFunc*)
                0x000000002000002c                . = ALIGN (0x4)
                0x000000002000002c                _edata = .

.igot.plt       0x000000002000002c        0x0 load address 0x000000000800af3c
 .igot.plt      0x000000002000002c        0x0 D:/Embedded/STM32CubeIDE_1.13.1/STM32CubeIDE/plugins/com.st.stm32cube.ide.mcu.externaltools.gnu-tools-for-stm32.11.3.rel1.win32_1.1.0.202305231506/tools/bin/../lib/gcc/arm-none-eabi/11.3.1/thumb/v7e-m+fp/hard/crtbegin.o
                0x000000002000002c                . = ALIGN (0x4)

.bss            0x000000002000002c       0x28 load address 0x000000000800af3c
                0x000000002000002c                _sbss = .
                0x000000002000002c                __bss_start__ = _sbss
 *(.bss)
 .bss           0x000000002000002c       0x1c D:/Embedded/STM32CubeIDE_1.13.1/STM32CubeIDE/plugins/com.st.stm32cube.ide.mcu.externaltools.gnu-tools-for-stm32.11.3.rel1.win32_1.1.0.202305231506/tools/bin/../lib/gcc/arm-none-eabi/11.3.1/thumb/v7e-m+fp/hard/crtbegin.o
 *(.bss*)
 .bss.u8PinsCounter
                0x0000000020000048        0x1 ./Src/GPIO_program.o
 *fill*         0x0000000020000049        0x3 
 .bss.SYSTICK_pvCallBack
                0x000000002000004c        0x4 ./Src/SYSTICK_program.o
                0x000000002000004c                SYSTICK_pvCallBack
 .bss.SYSTICK_u16GlobalSeconds
                0x0000000020000050        0x2 ./Src/SYSTICK_program.o
                0x0000000020000050                SYSTICK_u16GlobalSeconds
 .bss.SYSTICK_u8SingleIndicator
                0x0000000020000052        0x1 ./Src/SYSTICK_program.o
                0x0000000020000052                SYSTICK_u8SingleIndicator
 *(COMMON)
                0x0000000020000054                . = ALIGN (0x4)
 *fill*         0x0000000020000053        0x1 
                0x0000000020000054                _ebss = .
                0x0000000020000054                __bss_end__ = _ebss

._user_heap_stack
                0x0000000020000054      0x604 load address 0x000000000800af3c
                0x0000000020000058                . = ALIGN (0x8)
 *fill*         0x0000000020000054        0x4 
                [!provide]                        PROVIDE (end = .)
                0x0000000020000058                PROVIDE (_end = .)
                0x0000000020000258                . = (. + _Min_Heap_Size)
 *fill*         0x0000000020000058      0x200 
                0x0000000020000658                . = (. + _Min_Stack_Size)
 *fill*         0x0000000020000258      0x400 
                0x0000000020000658                . = ALIGN (0x8)

/DISCARD/
 libc.a(*)
 libm.a(*)
 libgcc.a(*)

.ARM.attributes
                0x0000000000000000       0x30
 *(.ARM.attributes)
 .ARM.attributes
                0x0000000000000000       0x1e D:/Embedded/STM32CubeIDE_1.13.1/STM32CubeIDE/plugins/com.st.stm32cube.ide.mcu.externaltools.gnu-tools-for-stm32.11.3.rel1.win32_1.1.0.202305231506/tools/bin/../lib/gcc/arm-none-eabi/11.3.1/thumb/v7e-m+fp/hard/crti.o
 .ARM.attributes
                0x000000000000001e       0x34 D:/Embedded/STM32CubeIDE_1.13.1/STM32CubeIDE/plugins/com.st.stm32cube.ide.mcu.externaltools.gnu-tools-for-stm32.11.3.rel1.win32_1.1.0.202305231506/tools/bin/../lib/gcc/arm-none-eabi/11.3.1/thumb/v7e-m+fp/hard/crtbegin.o
 .ARM.attributes
                0x0000000000000052       0x34 ./Src/DET.o
 .ARM.attributes
                0x0000000000000086       0x34 ./Src/GPIO_lcfg.o
 .ARM.attributes
                0x00000000000000ba       0x34 ./Src/GPIO_program.o
 .ARM.attributes
                0x00000000000000ee       0x34 ./Src/RCC_program.o
 .ARM.attributes
                0x0000000000000122       0x34 ./Src/SPI_program.o
 .ARM.attributes
                0x0000000000000156       0x34 ./Src/SYSTICK_program.o
 .ARM.attributes
                0x000000000000018a       0x34 ./Src/TFT_program.o
 .ARM.attributes
                0x00000000000001be       0x34 ./Src/main.o
 .ARM.attributes
                0x00000000000001f2       0x21 ./Startup/startup_stm32f401rctx.o
 .ARM.attributes
                0x0000000000000213       0x34 D:/Embedded/STM32CubeIDE_1.13.1/STM32CubeIDE/plugins/com.st.stm32cube.ide.mcu.externaltools.gnu-tools-for-stm32.11.3.rel1.win32_1.1.0.202305231506/tools/bin/../lib/gcc/arm-none-eabi/11.3.1/../../../../arm-none-eabi/lib/thumb/v7e-m+fp/hard\libc_nano.a(libc_a-init.o)
 .ARM.attributes
                0x0000000000000247       0x1e D:/Embedded/STM32CubeIDE_1.13.1/STM32CubeIDE/plugins/com.st.stm32cube.ide.mcu.externaltools.gnu-tools-for-stm32.11.3.rel1.win32_1.1.0.202305231506/tools/bin/../lib/gcc/arm-none-eabi/11.3.1/thumb/v7e-m+fp/hard/crtn.o
OUTPUT(TFT2.elf elf32-littlearm)
LOAD linker stubs
LOAD D:/Embedded/STM32CubeIDE_1.13.1/STM32CubeIDE/plugins/com.st.stm32cube.ide.mcu.externaltools.gnu-tools-for-stm32.11.3.rel1.win32_1.1.0.202305231506/tools/bin/../lib/gcc/arm-none-eabi/11.3.1/../../../../arm-none-eabi/lib/thumb/v7e-m+fp/hard\libc.a
LOAD D:/Embedded/STM32CubeIDE_1.13.1/STM32CubeIDE/plugins/com.st.stm32cube.ide.mcu.externaltools.gnu-tools-for-stm32.11.3.rel1.win32_1.1.0.202305231506/tools/bin/../lib/gcc/arm-none-eabi/11.3.1/../../../../arm-none-eabi/lib/thumb/v7e-m+fp/hard\libm.a
LOAD D:/Embedded/STM32CubeIDE_1.13.1/STM32CubeIDE/plugins/com.st.stm32cube.ide.mcu.externaltools.gnu-tools-for-stm32.11.3.rel1.win32_1.1.0.202305231506/tools/bin/../lib/gcc/arm-none-eabi/11.3.1/thumb/v7e-m+fp/hard\libgcc.a

.comment        0x0000000000000000       0x43
 .comment       0x0000000000000000       0x43 D:/Embedded/STM32CubeIDE_1.13.1/STM32CubeIDE/plugins/com.st.stm32cube.ide.mcu.externaltools.gnu-tools-for-stm32.11.3.rel1.win32_1.1.0.202305231506/tools/bin/../lib/gcc/arm-none-eabi/11.3.1/thumb/v7e-m+fp/hard/crtbegin.o
                                         0x44 (size before relaxing)
 .comment       0x0000000000000043       0x44 ./Src/DET.o
 .comment       0x0000000000000043       0x44 ./Src/GPIO_lcfg.o
 .comment       0x0000000000000043       0x44 ./Src/GPIO_program.o
 .comment       0x0000000000000043       0x44 ./Src/RCC_program.o
 .comment       0x0000000000000043       0x44 ./Src/SPI_program.o
 .comment       0x0000000000000043       0x44 ./Src/SYSTICK_program.o
 .comment       0x0000000000000043       0x44 ./Src/TFT_program.o
 .comment       0x0000000000000043       0x44 ./Src/main.o

.debug_info     0x0000000000000000     0x1270
 .debug_info    0x0000000000000000       0x86 ./Src/DET.o
 .debug_info    0x0000000000000086      0x1ff ./Src/GPIO_lcfg.o
 .debug_info    0x0000000000000285      0x432 ./Src/GPIO_program.o
 .debug_info    0x00000000000006b7      0x302 ./Src/RCC_program.o
 .debug_info    0x00000000000009b9      0x173 ./Src/SPI_program.o
 .debug_info    0x0000000000000b2c      0x46c ./Src/SYSTICK_program.o
 .debug_info    0x0000000000000f98      0x169 ./Src/TFT_program.o
 .debug_info    0x0000000000001101      0x14c ./Src/main.o
 .debug_info    0x000000000000124d       0x23 ./Startup/startup_stm32f401rctx.o

.debug_abbrev   0x0000000000000000      0x767
 .debug_abbrev  0x0000000000000000       0x5c ./Src/DET.o
 .debug_abbrev  0x000000000000005c       0x9f ./Src/GPIO_lcfg.o
 .debug_abbrev  0x00000000000000fb      0x135 ./Src/GPIO_program.o
 .debug_abbrev  0x0000000000000230       0xe0 ./Src/RCC_program.o
 .debug_abbrev  0x0000000000000310       0xe5 ./Src/SPI_program.o
 .debug_abbrev  0x00000000000003f5      0x17e ./Src/SYSTICK_program.o
 .debug_abbrev  0x0000000000000573       0xd6 ./Src/TFT_program.o
 .debug_abbrev  0x0000000000000649      0x10c ./Src/main.o
 .debug_abbrev  0x0000000000000755       0x12 ./Startup/startup_stm32f401rctx.o

.debug_aranges  0x0000000000000000      0x1a0
 .debug_aranges
                0x0000000000000000       0x20 ./Src/DET.o
 .debug_aranges
                0x0000000000000020       0x18 ./Src/GPIO_lcfg.o
 .debug_aranges
                0x0000000000000038       0x38 ./Src/GPIO_program.o
 .debug_aranges
                0x0000000000000070       0x38 ./Src/RCC_program.o
 .debug_aranges
                0x00000000000000a8       0x28 ./Src/SPI_program.o
 .debug_aranges
                0x00000000000000d0       0x60 ./Src/SYSTICK_program.o
 .debug_aranges
                0x0000000000000130       0x28 ./Src/TFT_program.o
 .debug_aranges
                0x0000000000000158       0x20 ./Src/main.o
 .debug_aranges
                0x0000000000000178       0x28 ./Startup/startup_stm32f401rctx.o

.debug_rnglists
                0x0000000000000000      0x10a
 .debug_rnglists
                0x0000000000000000       0x13 ./Src/DET.o
 .debug_rnglists
                0x0000000000000013       0x29 ./Src/GPIO_program.o
 .debug_rnglists
                0x000000000000003c       0x28 ./Src/RCC_program.o
 .debug_rnglists
                0x0000000000000064       0x19 ./Src/SPI_program.o
 .debug_rnglists
                0x000000000000007d       0x46 ./Src/SYSTICK_program.o
 .debug_rnglists
                0x00000000000000c3       0x1b ./Src/TFT_program.o
 .debug_rnglists
                0x00000000000000de       0x13 ./Src/main.o
 .debug_rnglists
                0x00000000000000f1       0x19 ./Startup/startup_stm32f401rctx.o

.debug_macro    0x0000000000000000      0xf23
 .debug_macro   0x0000000000000000       0x2c ./Src/DET.o
 .debug_macro   0x000000000000002c      0xaae ./Src/DET.o
 .debug_macro   0x0000000000000ada       0x16 ./Src/DET.o
 .debug_macro   0x0000000000000af0       0x22 ./Src/DET.o
 .debug_macro   0x0000000000000b12       0x1c ./Src/DET.o
 .debug_macro   0x0000000000000b2e       0x3e ./Src/GPIO_lcfg.o
 .debug_macro   0x0000000000000b6c       0xca ./Src/GPIO_lcfg.o
 .debug_macro   0x0000000000000c36       0x34 ./Src/GPIO_lcfg.o
 .debug_macro   0x0000000000000c6a       0x16 ./Src/GPIO_lcfg.o
 .debug_macro   0x0000000000000c80       0x47 ./Src/GPIO_program.o
 .debug_macro   0x0000000000000cc7       0x3e ./Src/RCC_program.o
 .debug_macro   0x0000000000000d05       0x5e ./Src/RCC_program.o
 .debug_macro   0x0000000000000d63       0x16 ./Src/RCC_program.o
 .debug_macro   0x0000000000000d79       0x16 ./Src/RCC_program.o
 .debug_macro   0x0000000000000d8f       0x49 ./Src/SPI_program.o
 .debug_macro   0x0000000000000dd8       0x10 ./Src/SPI_program.o
 .debug_macro   0x0000000000000de8       0x3f ./Src/SYSTICK_program.o
 .debug_macro   0x0000000000000e27       0x28 ./Src/SYSTICK_program.o
 .debug_macro   0x0000000000000e4f       0x10 ./Src/SYSTICK_program.o
 .debug_macro   0x0000000000000e5f       0x57 ./Src/TFT_program.o
 .debug_macro   0x0000000000000eb6       0x16 ./Src/TFT_program.o
 .debug_macro   0x0000000000000ecc       0x57 ./Src/main.o

.debug_line     0x0000000000000000      0xdce
 .debug_line    0x0000000000000000       0x70 ./Src/DET.o
 .debug_line    0x0000000000000070       0x8c ./Src/GPIO_lcfg.o
 .debug_line    0x00000000000000fc      0x425 ./Src/GPIO_program.o
 .debug_line    0x0000000000000521      0x16d ./Src/RCC_program.o
 .debug_line    0x000000000000068e       0xfb ./Src/SPI_program.o
 .debug_line    0x0000000000000789      0x368 ./Src/SYSTICK_program.o
 .debug_line    0x0000000000000af1      0x163 ./Src/TFT_program.o
 .debug_line    0x0000000000000c54       0xff ./Src/main.o
 .debug_line    0x0000000000000d53       0x7b ./Startup/startup_stm32f401rctx.o

.debug_str      0x0000000000000000     0x3dd2
 .debug_str     0x0000000000000000     0x2edf ./Src/DET.o
                                       0x2f12 (size before relaxing)
 .debug_str     0x0000000000002edf      0x53c ./Src/GPIO_lcfg.o
                                       0x33e8 (size before relaxing)
 .debug_str     0x000000000000341b      0x10a ./Src/GPIO_program.o
                                       0x352d (size before relaxing)
 .debug_str     0x0000000000003525      0x37f ./Src/RCC_program.o
                                       0x325d (size before relaxing)
 .debug_str     0x00000000000038a4       0xec ./Src/SPI_program.o
                                       0x2ff5 (size before relaxing)
 .debug_str     0x0000000000003990      0x336 ./Src/SYSTICK_program.o
                                       0x3213 (size before relaxing)
 .debug_str     0x0000000000003cc6       0xbd ./Src/TFT_program.o
                                       0x3273 (size before relaxing)
 .debug_str     0x0000000000003d83       0x20 ./Src/main.o
                                       0x331d (size before relaxing)
 .debug_str     0x0000000000003da3       0x2f ./Startup/startup_stm32f401rctx.o
                                         0x55 (size before relaxing)

.debug_frame    0x0000000000000000      0x3e0
 .debug_frame   0x0000000000000000       0x2c ./Src/DET.o
 .debug_frame   0x000000000000002c       0x9c ./Src/GPIO_program.o
 .debug_frame   0x00000000000000c8       0xa8 ./Src/RCC_program.o
 .debug_frame   0x0000000000000170       0x58 ./Src/SPI_program.o
 .debug_frame   0x00000000000001c8      0x164 ./Src/SYSTICK_program.o
 .debug_frame   0x000000000000032c       0x58 ./Src/TFT_program.o
 .debug_frame   0x0000000000000384       0x30 ./Src/main.o
 .debug_frame   0x00000000000003b4       0x2c D:/Embedded/STM32CubeIDE_1.13.1/STM32CubeIDE/plugins/com.st.stm32cube.ide.mcu.externaltools.gnu-tools-for-stm32.11.3.rel1.win32_1.1.0.202305231506/tools/bin/../lib/gcc/arm-none-eabi/11.3.1/../../../../arm-none-eabi/lib/thumb/v7e-m+fp/hard\libc_nano.a(libc_a-init.o)

.debug_line_str
                0x0000000000000000       0x49
 .debug_line_str
                0x0000000000000000       0x49 ./Startup/startup_stm32f401rctx.o
                                         0x61 (size before relaxing)
